enum Word{
   A('a', 1),
   B('b', 2),
   C('d', 3);

   var char;
   var index;

   new(char, index){
      this.char = char;
      this.index = index;
   }
   static const WORDS =[A,B,C];
}

System.out.println(Word.WORDS[0]);
