
var i = 0;

loop {
   if(i++>10){
      break;
   }
   println(i);
}
println("xx");


