// var scanner = new Scanner(System.in);

// while(scanner.hasNextLine()) {
//    var line = scanner.nextLine();
//    println(line);
// }

println(System.in);
System.in.close();
