println(2**8);
println(2**16);
println(2**32);

var v = 0xffff77b8;
println(Integer.toBinaryString(v));
println(Integer.toBinaryString(~v));
//println(Integer.toBinaryString(!v));
