class A {
   var a;
   new(a){
      this.a=a;
   }
   fun1(){
      println("A.fun1(): a="+a);
   }
   test(){
      println("A.test()");
      fun1();
   }
}

class B extends A {
   var b;
   new(a,b):super(a){
      this.b=b;
   }
   fun1(){
      println("B.fun1(): b="+b);
   }
   test(){
      super.test();
   }
}

var b = new B(1,2);
b.test();
