
//function bad(a, b..., c...){
//}
function fun(a, b...: Integer) {
   println(a);
   println(b[0]);
   println(b.size());
}

fun(1,2,3,4,5);

var closure = (a, b...)->{
   for(var x in b){
      println("${x}");
   }
};

closure("a=1","b=2","c=3","d=4","e=5","f=6","g=7","h=8");


var v = sum(13, 44, 234, 1, 3);

function sum(numbers...){ // variable arguments
   var sum = 0;
   
   for(var number in numbers){
      sum += number;
   }
   return sum;
}


println(v);

