import org.simpleframework.http.Status;
import http.Server;


Server.create(8180).register("/.*", (request, response) -> {
   println(request);
   response.setStatus(Status.OK);
   response.setValue("Server", "OK/1.0");
   response.setDate("Date", System.currentTimeMillis());
   response.setContentType("text/plain");
   response.getPrintStream().println("ok");
   response.close();
}).start();

sleep(100000000);
