import static lang.Integer.*; // static import

import mario.core.GameFrame;
import mario.core.GamePanel;

func start(scale) {
   const g = new GameFrame(scale);
   
   try {
      g.start();
      sleep(MAX_VALUE);
   } catch(e) {
      e.printStackTrace();
   }
}

start(2);
