import test.TestCase;

class Foo{
   static get(){
      {'a': 'A', 'b': 'B'};
   }
}

class ImplicitReturnTest with TestCase {

   testImplicitReturn(){
      var map = Foo.get();
      assert map.a == 'A';
      assert map.b == 'B';
   }
}
