import static util.stream.Collectors.toMap;
import util.stream.IntStream;
import test.TestCase;

class StreamTest with TestCase {

   testStream() {
      const map = "a:2&b:4&c:6&:&:&:".split("&")
         .stream()
         .filter(token -> token.matches(".+:.+"))
         .map(token -> token.split(":"))
         .collect(toMap(pair -> pair[0], pair -> pair[1]));
      
      println(map); // print result   
         
      assert map.size == 3;   
      assert map.a == "2";
      assert map.b == "4";
      assert map.c == "6";
   }
   
   testIntStream() {
      IntStream.iterate(0, i -> i + 2).limit(10).forEach(i -> println(i));
   }
}
