class X{
}
System.err.println(X.class.getModule());
