
class Project{
   var name;
   var path;
   new(name, path){
      this.name = name;
      this.path = path;
   }
}

class Workspace {
   var project;
   var create;
   new(project, create){
      this.project = project;
      this.create = create;
   }
   create(){
      println("Workspace.create()");
   }
}
